// Jest Snapshot v1, https://goo.gl/fbAQLP

exports[`<Participant /> renders this UI as expected 1`] = `
<div>
  <h2 />
  <img
    alt="avatar"
  />
  <p />
  <p />
</div>
`;

exports[`<ParticipantList /> renders this UI as expected 1`] = `
<div>
  <div>
    <h2>
      Koren Templeton
    </h2>
    <img
      alt="avatar"
      src="https://robohash.org/itaquevoluptatumrerum.jpg?size=200x200&set=set1"
    />
    <p />
    <p />
  </div>
  <div>
    <h2>
      Caty Flucker
    </h2>
    <img
      alt="avatar"
      src="https://robohash.org/doloredolorescupiditate.jpg?size=200x200&set=set1"
    />
    <p />
    <p />
  </div>
  <div>
    <h2>
      Axe Kubicka
    </h2>
    <img
      alt="avatar"
      src="https://robohash.org/utlaborumfugit.jpg?size=200x200&set=set1"
    />
    <p />
    <p />
  </div>
  <div>
    <h2>
      Frank Runciman
    </h2>
    <img
      alt="avatar"
      src="https://robohash.org/etexercitationemassumenda.jpg?size=200x200&set=set1"
    />
    <p />
    <p />
  </div>
  <div>
    <h2>
      Ashla Attwool
    </h2>
    <img
      alt="avatar"
      src="https://robohash.org/iustodoloremqueinventore.jpg?size=200x200&set=set1"
    />
    <p />
    <p />
  </div>
</div>
`;
